// Jest Snapshot v1, https://goo.gl/fbAQLP

exports[`App should render correctly in "debug" mode 1`] = `
<div>
  <a
    href="/"
  >
    <img
      alt="logo"
      class="app-logo"
      src="http://localhost:8080/src/images/logo.png"
    />
  </a>
  <div
    class="search"
  >
    <input
      class="search-input"
      id="search-input"
    />
    <button
      class="btn btn-success m-2 ml-3"
      id="search-btn"
    >
      <i
        class="fa"
      />
      Search
    </button>
    <div
      class="search-type"
    >
      <div>
        Search by: 
        <button
          class="btn btn-dark m-1"
          id="search-by-title-btn"
        >
          title
        </button>
        <button
          class="btn btn-dark"
          id="search-by-genre-btn"
        >
          genre
        </button>
      </div>
    </div>
  </div>
  <main>
    <div>
      No films found
    </div>
  </main>
  <div>
    <div
      class="movie-view"
    >
      <button
        class="btn btn-dark mb-3 btn-sm"
        id="back-btn"
      >
        <i
          class="fa"
        />
      </button>
      <h3
        class="title"
      />
      <div
        class="movie-details"
      >
        <img
          class="img_large"
        />
        <section />
        <div
          class="badge badge-pill badge-success"
        />
        <div>
          <span
            class="mr-5"
          >
            Release date: 
          </span>
          <span
            class="ml-5 badge badge-pill badge-dark"
          >
            undefined min
          </span>
        </div>
      </div>
      <div
        class="description"
      />
    </div>
  </div>
</div>
`;
